../Drivers/CMSIS/Include/core_cm4.h:1684:22:__NVIC_EnableIRQ	16	static,ignoring_inline_asm
../Drivers/CMSIS/Include/core_cm4.h:1938:34:__NVIC_SystemReset	4	static,ignoring_inline_asm
..\Core\Src\Bootloader.c:15:16:update_requested	16	static
..\Core\Src\Bootloader.c:26:13:make_session_key	192	static
..\Core\Src\Bootloader.c:40:16:check_app	16	static
..\Core\Src\Bootloader.c:49:13:install_firmware	40	static
..\Core\Src\Bootloader.c:69:17:calc_slot_crc	24	static
..\Core\Src\Bootloader.c:77:17:version_read	16	static
..\Core\Src\Bootloader.c:85:13:version_write	32	static
..\Core\Src\Bootloader.c:103:13:do_update	672	static
..\Core\Src\Bootloader.c:278:16:button_held	4	static,ignoring_inline_asm
..\Core\Src\Bootloader.c:288:6:Bootloader_Run	8	static
